  Determining projects to restore...
C:\Users\Acer\Desktop\Rental\src\RentalOS.Application\RentalOS.Application.csproj : warning NU1903: Package 'AutoMapper' 12.0.1 has a known high severity vulnerability, https://github.com/advisories/GHSA-rvv3-g6hj-g44x [C:\Users\Acer\Desktop\Rental\src\RentalOS.API\RentalOS.API.csproj]
C:\Users\Acer\Desktop\Rental\src\RentalOS.API\RentalOS.API.csproj : warning NU1903: Package 'AutoMapper' 12.0.1 has a known high severity vulnerability, https://github.com/advisories/GHSA-rvv3-g6hj-g44x
C:\Users\Acer\Desktop\Rental\src\RentalOS.API\RentalOS.API.csproj : warning NU1903: Package 'Newtonsoft.Json' 11.0.1 has a known high severity vulnerability, https://github.com/advisories/GHSA-5crp-9r3c-p9vr
C:\Users\Acer\Desktop\Rental\src\RentalOS.Infrastructure\RentalOS.Infrastructure.csproj : warning NU1903: Package 'AutoMapper' 12.0.1 has a known high severity vulnerability, https://github.com/advisories/GHSA-rvv3-g6hj-g44x [C:\Users\Acer\Desktop\Rental\src\RentalOS.API\RentalOS.API.csproj]
  All projects are up-to-date for restore.
C:\Users\Acer\Desktop\Rental\src\RentalOS.API\RentalOS.API.csproj : warning NU1903: Package 'AutoMapper' 12.0.1 has a known high severity vulnerability, https://github.com/advisories/GHSA-rvv3-g6hj-g44x
C:\Users\Acer\Desktop\Rental\src\RentalOS.API\RentalOS.API.csproj : warning NU1903: Package 'Newtonsoft.Json' 11.0.1 has a known high severity vulnerability, https://github.com/advisories/GHSA-5crp-9r3c-p9vr
C:\Users\Acer\Desktop\Rental\src\RentalOS.Application\RentalOS.Application.csproj : warning NU1903: Package 'AutoMapper' 12.0.1 has a known high severity vulnerability, https://github.com/advisories/GHSA-rvv3-g6hj-g44x
C:\Users\Acer\Desktop\Rental\src\RentalOS.Infrastructure\RentalOS.Infrastructure.csproj : warning NU1903: Package 'AutoMapper' 12.0.1 has a known high severity vulnerability, https://github.com/advisories/GHSA-rvv3-g6hj-g44x
  RentalOS.Domain -> C:\Users\Acer\Desktop\Rental\src\RentalOS.Domain\bin\Debug\net10.0\RentalOS.Domain.dll
C:\Users\Acer\Desktop\Rental\src\RentalOS.Application\Modules\Auth\Commands\ChangePassword\ChangePasswordCommand.cs(27,53): warning CS8602: Dereference of a possibly null reference. [C:\Users\Acer\Desktop\Rental\src\RentalOS.Application\RentalOS.Application.csproj]
C:\Users\Acer\Desktop\Rental\src\RentalOS.Application\Modules\Rooms\Commands\BulkCreateRooms\BulkCreateRoomsCommand.cs(49,39): error CS1929: 'IApplicationDbContext' does not contain a definition for 'BeginTransactionAsync' and the best extension method overload 'RelationalDatabaseFacadeExtensions.BeginTransactionAsync(DatabaseFacade, IsolationLevel, CancellationToken)' requires a receiver of type 'Microsoft.EntityFrameworkCore.Infrastructure.DatabaseFacade' [C:\Users\Acer\Desktop\Rental\src\RentalOS.Application\RentalOS.Application.csproj]
C:\Users\Acer\Desktop\Rental\src\RentalOS.Application\Modules\Rooms\Queries\GetRoomMeterReadings\GetRoomMeterReadingsQuery.cs(33,42): error CS0019: Operator '>=' cannot be applied to operands of type 'DateOnly' and 'DateTime' [C:\Users\Acer\Desktop\Rental\src\RentalOS.Application\RentalOS.Application.csproj]
C:\Users\Acer\Desktop\Rental\src\RentalOS.Application\Modules\Rooms\Queries\GetRoomMeterReadings\GetRoomMeterReadingsQuery.cs(33,75): error CS0019: Operator '<' cannot be applied to operands of type 'DateOnly' and 'DateTime' [C:\Users\Acer\Desktop\Rental\src\RentalOS.Application\RentalOS.Application.csproj]
C:\Users\Acer\Desktop\Rental\src\RentalOS.Application\Modules\Rooms\Queries\GetRoomMeterReadings\GetRoomMeterReadingsQuery.cs(44,31): error CS0029: Cannot implicitly convert type 'System.DateOnly' to 'System.DateTime' [C:\Users\Acer\Desktop\Rental\src\RentalOS.Application\RentalOS.Application.csproj]
C:\Users\Acer\Desktop\Rental\src\RentalOS.Application\Modules\Auth\Commands\Login\LoginCommandHandler.cs(36,33): warning EF1002: Method 'ExecuteSqlRawAsync' inserts interpolated strings directly into the SQL, without any protection against SQL injection. Consider using 'ExecuteSqlAsync' instead, which protects against SQL injection, or make sure that the value is sanitized and suppress the warning. [C:\Users\Acer\Desktop\Rental\src\RentalOS.Application\RentalOS.Application.csproj]
C:\Users\Acer\Desktop\Rental\src\RentalOS.Application\Modules\Auth\Commands\Register\RegisterCommandHandler.cs(77,33): warning EF1002: Method 'ExecuteSqlRawAsync' inserts interpolated strings directly into the SQL, without any protection against SQL injection. Consider using 'ExecuteSqlAsync' instead, which protects against SQL injection, or make sure that the value is sanitized and suppress the warning. [C:\Users\Acer\Desktop\Rental\src\RentalOS.Application\RentalOS.Application.csproj]

Build FAILED.

C:\Users\Acer\Desktop\Rental\src\RentalOS.Application\RentalOS.Application.csproj : warning NU1903: Package 'AutoMapper' 12.0.1 has a known high severity vulnerability, https://github.com/advisories/GHSA-rvv3-g6hj-g44x [C:\Users\Acer\Desktop\Rental\src\RentalOS.API\RentalOS.API.csproj]
C:\Users\Acer\Desktop\Rental\src\RentalOS.API\RentalOS.API.csproj : warning NU1903: Package 'AutoMapper' 12.0.1 has a known high severity vulnerability, https://github.com/advisories/GHSA-rvv3-g6hj-g44x
C:\Users\Acer\Desktop\Rental\src\RentalOS.API\RentalOS.API.csproj : warning NU1903: Package 'Newtonsoft.Json' 11.0.1 has a known high severity vulnerability, https://github.com/advisories/GHSA-5crp-9r3c-p9vr
C:\Users\Acer\Desktop\Rental\src\RentalOS.Infrastructure\RentalOS.Infrastructure.csproj : warning NU1903: Package 'AutoMapper' 12.0.1 has a known high severity vulnerability, https://github.com/advisories/GHSA-rvv3-g6hj-g44x [C:\Users\Acer\Desktop\Rental\src\RentalOS.API\RentalOS.API.csproj]
C:\Users\Acer\Desktop\Rental\src\RentalOS.API\RentalOS.API.csproj : warning NU1903: Package 'AutoMapper' 12.0.1 has a known high severity vulnerability, https://github.com/advisories/GHSA-rvv3-g6hj-g44x
C:\Users\Acer\Desktop\Rental\src\RentalOS.API\RentalOS.API.csproj : warning NU1903: Package 'Newtonsoft.Json' 11.0.1 has a known high severity vulnerability, https://github.com/advisories/GHSA-5crp-9r3c-p9vr
C:\Users\Acer\Desktop\Rental\src\RentalOS.Application\RentalOS.Application.csproj : warning NU1903: Package 'AutoMapper' 12.0.1 has a known high severity vulnerability, https://github.com/advisories/GHSA-rvv3-g6hj-g44x
C:\Users\Acer\Desktop\Rental\src\RentalOS.Infrastructure\RentalOS.Infrastructure.csproj : warning NU1903: Package 'AutoMapper' 12.0.1 has a known high severity vulnerability, https://github.com/advisories/GHSA-rvv3-g6hj-g44x
C:\Users\Acer\Desktop\Rental\src\RentalOS.Application\Modules\Auth\Commands\ChangePassword\ChangePasswordCommand.cs(27,53): warning CS8602: Dereference of a possibly null reference. [C:\Users\Acer\Desktop\Rental\src\RentalOS.Application\RentalOS.Application.csproj]
C:\Users\Acer\Desktop\Rental\src\RentalOS.Application\Modules\Auth\Commands\Login\LoginCommandHandler.cs(36,33): warning EF1002: Method 'ExecuteSqlRawAsync' inserts interpolated strings directly into the SQL, without any protection against SQL injection. Consider using 'ExecuteSqlAsync' instead, which protects against SQL injection, or make sure that the value is sanitized and suppress the warning. [C:\Users\Acer\Desktop\Rental\src\RentalOS.Application\RentalOS.Application.csproj]
C:\Users\Acer\Desktop\Rental\src\RentalOS.Application\Modules\Auth\Commands\Register\RegisterCommandHandler.cs(77,33): warning EF1002: Method 'ExecuteSqlRawAsync' inserts interpolated strings directly into the SQL, without any protection against SQL injection. Consider using 'ExecuteSqlAsync' instead, which protects against SQL injection, or make sure that the value is sanitized and suppress the warning. [C:\Users\Acer\Desktop\Rental\src\RentalOS.Application\RentalOS.Application.csproj]
C:\Users\Acer\Desktop\Rental\src\RentalOS.Application\Modules\Rooms\Commands\BulkCreateRooms\BulkCreateRoomsCommand.cs(49,39): error CS1929: 'IApplicationDbContext' does not contain a definition for 'BeginTransactionAsync' and the best extension method overload 'RelationalDatabaseFacadeExtensions.BeginTransactionAsync(DatabaseFacade, IsolationLevel, CancellationToken)' requires a receiver of type 'Microsoft.EntityFrameworkCore.Infrastructure.DatabaseFacade' [C:\Users\Acer\Desktop\Rental\src\RentalOS.Application\RentalOS.Application.csproj]
C:\Users\Acer\Desktop\Rental\src\RentalOS.Application\Modules\Rooms\Queries\GetRoomMeterReadings\GetRoomMeterReadingsQuery.cs(33,42): error CS0019: Operator '>=' cannot be applied to operands of type 'DateOnly' and 'DateTime' [C:\Users\Acer\Desktop\Rental\src\RentalOS.Application\RentalOS.Application.csproj]
C:\Users\Acer\Desktop\Rental\src\RentalOS.Application\Modules\Rooms\Queries\GetRoomMeterReadings\GetRoomMeterReadingsQuery.cs(33,75): error CS0019: Operator '<' cannot be applied to operands of type 'DateOnly' and 'DateTime' [C:\Users\Acer\Desktop\Rental\src\RentalOS.Application\RentalOS.Application.csproj]
C:\Users\Acer\Desktop\Rental\src\RentalOS.Application\Modules\Rooms\Queries\GetRoomMeterReadings\GetRoomMeterReadingsQuery.cs(44,31): error CS0029: Cannot implicitly convert type 'System.DateOnly' to 'System.DateTime' [C:\Users\Acer\Desktop\Rental\src\RentalOS.Application\RentalOS.Application.csproj]
    11 Warning(s)
    4 Error(s)

Time Elapsed 00:00:01.66
