  Determining projects to restore...
C:\Users\Acer\Desktop\Rental\src\RentalOS.Application\RentalOS.Application.csproj : warning NU1903: Package 'AutoMapper' 12.0.1 has a known high severity vulnerability, https://github.com/advisories/GHSA-rvv3-g6hj-g44x [C:\Users\Acer\Desktop\Rental\RentalOS.slnx]
C:\Users\Acer\Desktop\Rental\src\RentalOS.Application\RentalOS.Application.csproj : warning NU1903: Package 'Newtonsoft.Json' 11.0.1 has a known high severity vulnerability, https://github.com/advisories/GHSA-5crp-9r3c-p9vr [C:\Users\Acer\Desktop\Rental\RentalOS.slnx]
C:\Users\Acer\Desktop\Rental\src\RentalOS.Worker\RentalOS.Worker.csproj : warning NU1903: Package 'AutoMapper' 12.0.1 has a known high severity vulnerability, https://github.com/advisories/GHSA-rvv3-g6hj-g44x [C:\Users\Acer\Desktop\Rental\RentalOS.slnx]
C:\Users\Acer\Desktop\Rental\src\RentalOS.Infrastructure\RentalOS.Infrastructure.csproj : warning NU1903: Package 'AutoMapper' 12.0.1 has a known high severity vulnerability, https://github.com/advisories/GHSA-rvv3-g6hj-g44x [C:\Users\Acer\Desktop\Rental\RentalOS.slnx]
C:\Users\Acer\Desktop\Rental\src\RentalOS.API\RentalOS.API.csproj : warning NU1903: Package 'AutoMapper' 12.0.1 has a known high severity vulnerability, https://github.com/advisories/GHSA-rvv3-g6hj-g44x [C:\Users\Acer\Desktop\Rental\RentalOS.slnx]
  All projects are up-to-date for restore.
C:\Users\Acer\Desktop\Rental\src\RentalOS.Worker\RentalOS.Worker.csproj : warning NU1903: Package 'AutoMapper' 12.0.1 has a known high severity vulnerability, https://github.com/advisories/GHSA-rvv3-g6hj-g44x
C:\Users\Acer\Desktop\Rental\src\RentalOS.Infrastructure\RentalOS.Infrastructure.csproj : warning NU1903: Package 'AutoMapper' 12.0.1 has a known high severity vulnerability, https://github.com/advisories/GHSA-rvv3-g6hj-g44x
C:\Users\Acer\Desktop\Rental\src\RentalOS.Application\RentalOS.Application.csproj : warning NU1903: Package 'AutoMapper' 12.0.1 has a known high severity vulnerability, https://github.com/advisories/GHSA-rvv3-g6hj-g44x
C:\Users\Acer\Desktop\Rental\src\RentalOS.Application\RentalOS.Application.csproj : warning NU1903: Package 'Newtonsoft.Json' 11.0.1 has a known high severity vulnerability, https://github.com/advisories/GHSA-5crp-9r3c-p9vr
  RentalOS.Domain -> C:\Users\Acer\Desktop\Rental\src\RentalOS.Domain\bin\Debug\net10.0\RentalOS.Domain.dll
  RentalOS.Application -> C:\Users\Acer\Desktop\Rental\src\RentalOS.Application\bin\Debug\net10.0\RentalOS.Application.dll
C:\Users\Acer\Desktop\Rental\src\RentalOS.API\RentalOS.API.csproj : warning NU1903: Package 'AutoMapper' 12.0.1 has a known high severity vulnerability, https://github.com/advisories/GHSA-rvv3-g6hj-g44x
  RentalOS.Infrastructure -> C:\Users\Acer\Desktop\Rental\src\RentalOS.Infrastructure\bin\Debug\net10.0\RentalOS.Infrastructure.dll
C:\Users\Acer\Desktop\Rental\src\RentalOS.Worker\Jobs\CheckContractExpiryJob.cs(31,55): error CS1061: 'DateOnly' does not contain a definition for 'Date' and no accessible extension method 'Date' accepting a first argument of type 'DateOnly' could be found (are you missing a using directive or an assembly reference?) [C:\Users\Acer\Desktop\Rental\src\RentalOS.Worker\RentalOS.Worker.csproj]
C:\Users\Acer\Desktop\Rental\src\RentalOS.Worker\Jobs\SendOverdueRemindersJob.cs(31,60): error CS1061: 'DateOnly' does not contain a definition for 'Date' and no accessible extension method 'Date' accepting a first argument of type 'DateOnly' could be found (are you missing a using directive or an assembly reference?) [C:\Users\Acer\Desktop\Rental\src\RentalOS.Worker\RentalOS.Worker.csproj]
C:\Users\Acer\Desktop\Rental\src\RentalOS.Worker\Jobs\RetryFailedNotificationsJob.cs(23,29): error CS0019: Operator '==' cannot be applied to operands of type 'NotificationStatus' and 'string' [C:\Users\Acer\Desktop\Rental\src\RentalOS.Worker\RentalOS.Worker.csproj]
C:\Users\Acer\Desktop\Rental\src\RentalOS.Worker\Program.cs(12,40): warning CS0618: 'PostgreSqlBootstrapperConfigurationExtensions.UsePostgreSqlStorage(IGlobalConfiguration, string)' is obsolete: 'Will be removed in 2.0. Please use UsePostgreSqlStorage(Action<PostgreSqlBootstrapperOptions>) overload.' [C:\Users\Acer\Desktop\Rental\src\RentalOS.Worker\RentalOS.Worker.csproj]
C:\Users\Acer\Desktop\Rental\src\RentalOS.Worker\Jobs\MarkOverdueInvoicesJob.cs(24,76): error CS1061: 'DateOnly' does not contain a definition for 'Date' and no accessible extension method 'Date' accepting a first argument of type 'DateOnly' could be found (are you missing a using directive or an assembly reference?) [C:\Users\Acer\Desktop\Rental\src\RentalOS.Worker\RentalOS.Worker.csproj]
C:\Users\Acer\Desktop\Rental\src\RentalOS.Worker\Jobs\SendInvoiceRemindersJob.cs(27,60): error CS1061: 'DateOnly' does not contain a definition for 'Date' and no accessible extension method 'Date' accepting a first argument of type 'DateOnly' could be found (are you missing a using directive or an assembly reference?) [C:\Users\Acer\Desktop\Rental\src\RentalOS.Worker\RentalOS.Worker.csproj]
C:\Users\Acer\Desktop\Rental\src\RentalOS.Worker\Jobs\GenerateMonthlyInvoicesJob.cs(30,41): warning EF1002: Method 'ExecuteSqlRawAsync' inserts interpolated strings directly into the SQL, without any protection against SQL injection. Consider using 'ExecuteSqlAsync' instead, which protects against SQL injection, or make sure that the value is sanitized and suppress the warning. [C:\Users\Acer\Desktop\Rental\src\RentalOS.Worker\RentalOS.Worker.csproj]
C:\Users\Acer\Desktop\Rental\src\RentalOS.Worker\Jobs\SendMonthlyReportJob.cs(19,37): warning EF1002: Method 'ExecuteSqlRawAsync' inserts interpolated strings directly into the SQL, without any protection against SQL injection. Consider using 'ExecuteSqlAsync' instead, which protects against SQL injection, or make sure that the value is sanitized and suppress the warning. [C:\Users\Acer\Desktop\Rental\src\RentalOS.Worker\RentalOS.Worker.csproj]
C:\Users\Acer\Desktop\Rental\src\RentalOS.Worker\Jobs\ReconcilePaymentsJob.cs(20,37): warning EF1002: Method 'ExecuteSqlRawAsync' inserts interpolated strings directly into the SQL, without any protection against SQL injection. Consider using 'ExecuteSqlAsync' instead, which protects against SQL injection, or make sure that the value is sanitized and suppress the warning. [C:\Users\Acer\Desktop\Rental\src\RentalOS.Worker\RentalOS.Worker.csproj]
C:\Users\Acer\Desktop\Rental\src\RentalOS.Worker\Jobs\CleanupExpiredTokensJob.cs(19,37): warning EF1002: Method 'ExecuteSqlRawAsync' inserts interpolated strings directly into the SQL, without any protection against SQL injection. Consider using 'ExecuteSqlAsync' instead, which protects against SQL injection, or make sure that the value is sanitized and suppress the warning. [C:\Users\Acer\Desktop\Rental\src\RentalOS.Worker\RentalOS.Worker.csproj]
C:\Users\Acer\Desktop\Rental\src\RentalOS.Worker\Jobs\SendOverdueRemindersJob.cs(20,37): warning EF1002: Method 'ExecuteSqlRawAsync' inserts interpolated strings directly into the SQL, without any protection against SQL injection. Consider using 'ExecuteSqlAsync' instead, which protects against SQL injection, or make sure that the value is sanitized and suppress the warning. [C:\Users\Acer\Desktop\Rental\src\RentalOS.Worker\RentalOS.Worker.csproj]
C:\Users\Acer\Desktop\Rental\src\RentalOS.Worker\Jobs\CheckContractExpiryJob.cs(20,37): warning EF1002: Method 'ExecuteSqlRawAsync' inserts interpolated strings directly into the SQL, without any protection against SQL injection. Consider using 'ExecuteSqlAsync' instead, which protects against SQL injection, or make sure that the value is sanitized and suppress the warning. [C:\Users\Acer\Desktop\Rental\src\RentalOS.Worker\RentalOS.Worker.csproj]
C:\Users\Acer\Desktop\Rental\src\RentalOS.Worker\Jobs\RetryFailedNotificationsJob.cs(19,37): warning EF1002: Method 'ExecuteSqlRawAsync' inserts interpolated strings directly into the SQL, without any protection against SQL injection. Consider using 'ExecuteSqlAsync' instead, which protects against SQL injection, or make sure that the value is sanitized and suppress the warning. [C:\Users\Acer\Desktop\Rental\src\RentalOS.Worker\RentalOS.Worker.csproj]
C:\Users\Acer\Desktop\Rental\src\RentalOS.Worker\Jobs\MarkOverdueInvoicesJob.cs(20,37): warning EF1002: Method 'ExecuteSqlRawAsync' inserts interpolated strings directly into the SQL, without any protection against SQL injection. Consider using 'ExecuteSqlAsync' instead, which protects against SQL injection, or make sure that the value is sanitized and suppress the warning. [C:\Users\Acer\Desktop\Rental\src\RentalOS.Worker\RentalOS.Worker.csproj]
C:\Users\Acer\Desktop\Rental\src\RentalOS.Worker\Jobs\SendInvoiceRemindersJob.cs(20,37): warning EF1002: Method 'ExecuteSqlRawAsync' inserts interpolated strings directly into the SQL, without any protection against SQL injection. Consider using 'ExecuteSqlAsync' instead, which protects against SQL injection, or make sure that the value is sanitized and suppress the warning. [C:\Users\Acer\Desktop\Rental\src\RentalOS.Worker\RentalOS.Worker.csproj]
C:\Users\Acer\Desktop\Rental\src\RentalOS.API\Controllers\FilesController.cs(4,23): error CS0234: The type or namespace name 'Constants' does not exist in the namespace 'RentalOS.Domain' (are you missing an assembly reference?) [C:\Users\Acer\Desktop\Rental\src\RentalOS.API\RentalOS.API.csproj]

Build FAILED.

C:\Users\Acer\Desktop\Rental\src\RentalOS.Application\RentalOS.Application.csproj : warning NU1903: Package 'AutoMapper' 12.0.1 has a known high severity vulnerability, https://github.com/advisories/GHSA-rvv3-g6hj-g44x [C:\Users\Acer\Desktop\Rental\RentalOS.slnx]
C:\Users\Acer\Desktop\Rental\src\RentalOS.Application\RentalOS.Application.csproj : warning NU1903: Package 'Newtonsoft.Json' 11.0.1 has a known high severity vulnerability, https://github.com/advisories/GHSA-5crp-9r3c-p9vr [C:\Users\Acer\Desktop\Rental\RentalOS.slnx]
C:\Users\Acer\Desktop\Rental\src\RentalOS.Worker\RentalOS.Worker.csproj : warning NU1903: Package 'AutoMapper' 12.0.1 has a known high severity vulnerability, https://github.com/advisories/GHSA-rvv3-g6hj-g44x [C:\Users\Acer\Desktop\Rental\RentalOS.slnx]
C:\Users\Acer\Desktop\Rental\src\RentalOS.Infrastructure\RentalOS.Infrastructure.csproj : warning NU1903: Package 'AutoMapper' 12.0.1 has a known high severity vulnerability, https://github.com/advisories/GHSA-rvv3-g6hj-g44x [C:\Users\Acer\Desktop\Rental\RentalOS.slnx]
C:\Users\Acer\Desktop\Rental\src\RentalOS.API\RentalOS.API.csproj : warning NU1903: Package 'AutoMapper' 12.0.1 has a known high severity vulnerability, https://github.com/advisories/GHSA-rvv3-g6hj-g44x [C:\Users\Acer\Desktop\Rental\RentalOS.slnx]
C:\Users\Acer\Desktop\Rental\src\RentalOS.Worker\RentalOS.Worker.csproj : warning NU1903: Package 'AutoMapper' 12.0.1 has a known high severity vulnerability, https://github.com/advisories/GHSA-rvv3-g6hj-g44x
C:\Users\Acer\Desktop\Rental\src\RentalOS.Infrastructure\RentalOS.Infrastructure.csproj : warning NU1903: Package 'AutoMapper' 12.0.1 has a known high severity vulnerability, https://github.com/advisories/GHSA-rvv3-g6hj-g44x
C:\Users\Acer\Desktop\Rental\src\RentalOS.Application\RentalOS.Application.csproj : warning NU1903: Package 'AutoMapper' 12.0.1 has a known high severity vulnerability, https://github.com/advisories/GHSA-rvv3-g6hj-g44x
C:\Users\Acer\Desktop\Rental\src\RentalOS.Application\RentalOS.Application.csproj : warning NU1903: Package 'Newtonsoft.Json' 11.0.1 has a known high severity vulnerability, https://github.com/advisories/GHSA-5crp-9r3c-p9vr
C:\Users\Acer\Desktop\Rental\src\RentalOS.API\RentalOS.API.csproj : warning NU1903: Package 'AutoMapper' 12.0.1 has a known high severity vulnerability, https://github.com/advisories/GHSA-rvv3-g6hj-g44x
C:\Users\Acer\Desktop\Rental\src\RentalOS.Worker\Program.cs(12,40): warning CS0618: 'PostgreSqlBootstrapperConfigurationExtensions.UsePostgreSqlStorage(IGlobalConfiguration, string)' is obsolete: 'Will be removed in 2.0. Please use UsePostgreSqlStorage(Action<PostgreSqlBootstrapperOptions>) overload.' [C:\Users\Acer\Desktop\Rental\src\RentalOS.Worker\RentalOS.Worker.csproj]
C:\Users\Acer\Desktop\Rental\src\RentalOS.Worker\Jobs\GenerateMonthlyInvoicesJob.cs(30,41): warning EF1002: Method 'ExecuteSqlRawAsync' inserts interpolated strings directly into the SQL, without any protection against SQL injection. Consider using 'ExecuteSqlAsync' instead, which protects against SQL injection, or make sure that the value is sanitized and suppress the warning. [C:\Users\Acer\Desktop\Rental\src\RentalOS.Worker\RentalOS.Worker.csproj]
C:\Users\Acer\Desktop\Rental\src\RentalOS.Worker\Jobs\SendMonthlyReportJob.cs(19,37): warning EF1002: Method 'ExecuteSqlRawAsync' inserts interpolated strings directly into the SQL, without any protection against SQL injection. Consider using 'ExecuteSqlAsync' instead, which protects against SQL injection, or make sure that the value is sanitized and suppress the warning. [C:\Users\Acer\Desktop\Rental\src\RentalOS.Worker\RentalOS.Worker.csproj]
C:\Users\Acer\Desktop\Rental\src\RentalOS.Worker\Jobs\ReconcilePaymentsJob.cs(20,37): warning EF1002: Method 'ExecuteSqlRawAsync' inserts interpolated strings directly into the SQL, without any protection against SQL injection. Consider using 'ExecuteSqlAsync' instead, which protects against SQL injection, or make sure that the value is sanitized and suppress the warning. [C:\Users\Acer\Desktop\Rental\src\RentalOS.Worker\RentalOS.Worker.csproj]
C:\Users\Acer\Desktop\Rental\src\RentalOS.Worker\Jobs\CleanupExpiredTokensJob.cs(19,37): warning EF1002: Method 'ExecuteSqlRawAsync' inserts interpolated strings directly into the SQL, without any protection against SQL injection. Consider using 'ExecuteSqlAsync' instead, which protects against SQL injection, or make sure that the value is sanitized and suppress the warning. [C:\Users\Acer\Desktop\Rental\src\RentalOS.Worker\RentalOS.Worker.csproj]
C:\Users\Acer\Desktop\Rental\src\RentalOS.Worker\Jobs\SendOverdueRemindersJob.cs(20,37): warning EF1002: Method 'ExecuteSqlRawAsync' inserts interpolated strings directly into the SQL, without any protection against SQL injection. Consider using 'ExecuteSqlAsync' instead, which protects against SQL injection, or make sure that the value is sanitized and suppress the warning. [C:\Users\Acer\Desktop\Rental\src\RentalOS.Worker\RentalOS.Worker.csproj]
C:\Users\Acer\Desktop\Rental\src\RentalOS.Worker\Jobs\CheckContractExpiryJob.cs(20,37): warning EF1002: Method 'ExecuteSqlRawAsync' inserts interpolated strings directly into the SQL, without any protection against SQL injection. Consider using 'ExecuteSqlAsync' instead, which protects against SQL injection, or make sure that the value is sanitized and suppress the warning. [C:\Users\Acer\Desktop\Rental\src\RentalOS.Worker\RentalOS.Worker.csproj]
C:\Users\Acer\Desktop\Rental\src\RentalOS.Worker\Jobs\RetryFailedNotificationsJob.cs(19,37): warning EF1002: Method 'ExecuteSqlRawAsync' inserts interpolated strings directly into the SQL, without any protection against SQL injection. Consider using 'ExecuteSqlAsync' instead, which protects against SQL injection, or make sure that the value is sanitized and suppress the warning. [C:\Users\Acer\Desktop\Rental\src\RentalOS.Worker\RentalOS.Worker.csproj]
C:\Users\Acer\Desktop\Rental\src\RentalOS.Worker\Jobs\MarkOverdueInvoicesJob.cs(20,37): warning EF1002: Method 'ExecuteSqlRawAsync' inserts interpolated strings directly into the SQL, without any protection against SQL injection. Consider using 'ExecuteSqlAsync' instead, which protects against SQL injection, or make sure that the value is sanitized and suppress the warning. [C:\Users\Acer\Desktop\Rental\src\RentalOS.Worker\RentalOS.Worker.csproj]
C:\Users\Acer\Desktop\Rental\src\RentalOS.Worker\Jobs\SendInvoiceRemindersJob.cs(20,37): warning EF1002: Method 'ExecuteSqlRawAsync' inserts interpolated strings directly into the SQL, without any protection against SQL injection. Consider using 'ExecuteSqlAsync' instead, which protects against SQL injection, or make sure that the value is sanitized and suppress the warning. [C:\Users\Acer\Desktop\Rental\src\RentalOS.Worker\RentalOS.Worker.csproj]
C:\Users\Acer\Desktop\Rental\src\RentalOS.Worker\Jobs\CheckContractExpiryJob.cs(31,55): error CS1061: 'DateOnly' does not contain a definition for 'Date' and no accessible extension method 'Date' accepting a first argument of type 'DateOnly' could be found (are you missing a using directive or an assembly reference?) [C:\Users\Acer\Desktop\Rental\src\RentalOS.Worker\RentalOS.Worker.csproj]
C:\Users\Acer\Desktop\Rental\src\RentalOS.Worker\Jobs\SendOverdueRemindersJob.cs(31,60): error CS1061: 'DateOnly' does not contain a definition for 'Date' and no accessible extension method 'Date' accepting a first argument of type 'DateOnly' could be found (are you missing a using directive or an assembly reference?) [C:\Users\Acer\Desktop\Rental\src\RentalOS.Worker\RentalOS.Worker.csproj]
C:\Users\Acer\Desktop\Rental\src\RentalOS.Worker\Jobs\RetryFailedNotificationsJob.cs(23,29): error CS0019: Operator '==' cannot be applied to operands of type 'NotificationStatus' and 'string' [C:\Users\Acer\Desktop\Rental\src\RentalOS.Worker\RentalOS.Worker.csproj]
C:\Users\Acer\Desktop\Rental\src\RentalOS.Worker\Jobs\MarkOverdueInvoicesJob.cs(24,76): error CS1061: 'DateOnly' does not contain a definition for 'Date' and no accessible extension method 'Date' accepting a first argument of type 'DateOnly' could be found (are you missing a using directive or an assembly reference?) [C:\Users\Acer\Desktop\Rental\src\RentalOS.Worker\RentalOS.Worker.csproj]
C:\Users\Acer\Desktop\Rental\src\RentalOS.Worker\Jobs\SendInvoiceRemindersJob.cs(27,60): error CS1061: 'DateOnly' does not contain a definition for 'Date' and no accessible extension method 'Date' accepting a first argument of type 'DateOnly' could be found (are you missing a using directive or an assembly reference?) [C:\Users\Acer\Desktop\Rental\src\RentalOS.Worker\RentalOS.Worker.csproj]
C:\Users\Acer\Desktop\Rental\src\RentalOS.API\Controllers\FilesController.cs(4,23): error CS0234: The type or namespace name 'Constants' does not exist in the namespace 'RentalOS.Domain' (are you missing an assembly reference?) [C:\Users\Acer\Desktop\Rental\src\RentalOS.API\RentalOS.API.csproj]
    20 Warning(s)
    6 Error(s)

Time Elapsed 00:00:07.53
