C:\Users\Acer\Desktop\Rental\src\RentalOS.Application\Modules\Rooms\Commands\BulkCreateRooms\BulkCreateRoomsCommand.cs(49,39): error CS1929: 'IApplicationDbContext' does not contain a definition for 'BeginTransactionAsync' and the best extension method overload 'RelationalDatabaseFacadeExtensions.BeginTransactionAsync(DatabaseFacade, IsolationLevel, CancellationToken)' requires a receiver of type 'Microsoft.EntityFrameworkCore.Infrastructure.DatabaseFacade' [C:\Users\Acer\Desktop\Rental\src\RentalOS.Application\RentalOS.Application.csproj]
C:\Users\Acer\Desktop\Rental\src\RentalOS.Application\Modules\Rooms\Queries\GetRoomMeterReadings\GetRoomMeterReadingsQuery.cs(33,42): error CS0019: Operator '>=' cannot be applied to operands of type 'DateOnly' and 'DateTime' [C:\Users\Acer\Desktop\Rental\src\RentalOS.Application\RentalOS.Application.csproj]
C:\Users\Acer\Desktop\Rental\src\RentalOS.Application\Modules\Rooms\Queries\GetRoomMeterReadings\GetRoomMeterReadingsQuery.cs(33,75): error CS0019: Operator '<' cannot be applied to operands of type 'DateOnly' and 'DateTime' [C:\Users\Acer\Desktop\Rental\src\RentalOS.Application\RentalOS.Application.csproj]
C:\Users\Acer\Desktop\Rental\src\RentalOS.Application\Modules\Rooms\Queries\GetRoomMeterReadings\GetRoomMeterReadingsQuery.cs(44,31): error CS0029: Cannot implicitly convert type 'System.DateOnly' to 'System.DateTime' [C:\Users\Acer\Desktop\Rental\src\RentalOS.Application\RentalOS.Application.csproj]

Build FAILED.
    5 Warning(s)
    4 Error(s)

Time Elapsed 00:00:01.36
